---
source: crates/vitte-cli/tests/cli_syntax.rs
expression: "format!(\"status: {status}\\nstdout:\\n{stdout}\\\n            \\n---- stderr ----\\n{stderr}\")"
---
status: 1
stdout:

---- stderr ----
error: échec d'exécution de la commande: --in-place nécessite un fichier d'entrée
