---
source: crates/vitte-cli/tests/cli_syntax.rs
assertion_line: 23
expression: "format!(\"status: {status}\\nstdout:\\n{stdout}\\\n            \\n---- stderr ----\\n{stderr}\")"
---
status: 1
stdout:

---- stderr ----
error: la source `foo.vitte` doit Ãªtre fournie avant les options de `vitte compile`
