---
source: crates/vitte-cli/tests/cli_syntax.rs
expression: "format!(\"status: {status}\\nstdout:\\n{stdout}\\\n            \\n---- stderr ----\\n{stderr}\")"
---
status: 0
stdout:

---- stderr ----
[1m[32mCOMPILE[39m[0m out.vitbc (21 octets)
